
> tmp-app@0.0.0 build
> tsc -b && vite build

src/components/features/AudioVisualizerWidget.tsx(8,18): error TS2554: Expected 1 arguments, but got 0.
